Traceback (most recent call last):
  File "/home/dusan/Documents/GitHub/Dev-contitional/test_server.py", line 1, in <module>
    from fastapi import FastAPI
ModuleNotFoundError: No module named 'fastapi'
